aaa,1,300,333,400
aab,2,200,290,292
aac,0,200,290,292
